 0.4082482904638630E+00
 0.4082482904638630E+00
-0.8164965809277259E+00
 0.7071067811865476E+00
-0.7071067811865475E+00
 0.0000000000000000E+00
 0.5773502691896256E+00
 0.5773502691896256E+00
 0.5773502691896258E+00
 0.4082482904638630E+00   0.0000000000000000E+00
 0.4082482904638630E+00   0.0000000000000000E+00
-0.8164965809277259E+00   0.0000000000000000E+00
 0.7071067811865476E+00   0.0000000000000000E+00
-0.7071067811865475E+00   0.0000000000000000E+00
 0.0000000000000000E+00   0.0000000000000000E+00
 0.5773502691896256E+00   0.0000000000000000E+00
 0.5773502691896256E+00   0.0000000000000000E+00
 0.5773502691896258E+00   0.0000000000000000E+00
-0.2220446049250313E-15
 0.1110223024625157E-15
 0.2250000000000000E+01
-0.2220446049250313E-15   0.0000000000000000E+00
 0.1110223024625157E-15   0.0000000000000000E+00
 0.2250000000000000E+01   0.0000000000000000E+00
